2025-11-16 13:06:02 [ERROR]: uncaughtException: logger.info is not a function
TypeError: logger.info is not a function
    at Server.<anonymous> (/Users/soumitri/Desktop/Glossary-App/backend/server.js:279:10)
    at Server.f (/Users/soumitri/Desktop/Glossary-App/backend/node_modules/once/once.js:25:25)
    at Object.onceWrapper (node:events:638:28)
    at Server.emit (node:events:536:35)
    at emitListeningNT (node:net:1951:10)
    at process.processTicksAndRejections (node:internal/process/task_queues:81:21)
2025-11-16 13:07:34 [ERROR]: uncaughtException: logger.info is not a function
TypeError: logger.info is not a function
    at Server.<anonymous> (/Users/soumitri/Desktop/Glossary-App/backend/server.js:279:10)
    at Server.f (/Users/soumitri/Desktop/Glossary-App/backend/node_modules/once/once.js:25:25)
    at Object.onceWrapper (node:events:638:28)
    at Server.emit (node:events:536:35)
    at emitListeningNT (node:net:1951:10)
    at process.processTicksAndRejections (node:internal/process/task_queues:81:21)
2025-11-16 13:08:41 [ERROR]: uncaughtException: logger.info is not a function
TypeError: logger.info is not a function
    at Server.<anonymous> (/Users/soumitri/Desktop/Glossary-App/backend/server.js:279:10)
    at Server.f (/Users/soumitri/Desktop/Glossary-App/backend/node_modules/once/once.js:25:25)
    at Object.onceWrapper (node:events:638:28)
    at Server.emit (node:events:536:35)
    at emitListeningNT (node:net:1951:10)
    at process.processTicksAndRejections (node:internal/process/task_queues:81:21)
